
> my-project@0.1.0 build
> next build

npm :  ΓÜá `images.domains` is deprecated in favor of `images.remotePatterns`. Please update next.config.ts to protect 
your application from malicious users.
At line:1 char:1
+ npm run build > build_output.log 2>&1
+ ~~~~~~~~~~~~~~~~~~~~~~~~~~~~~~~~~~~~~
    + CategoryInfo          : NotSpecified: ( ΓÜá `images.do...alicious users.:String) [], RemoteException
    + FullyQualifiedErrorId : NativeCommandError
 
   Γû▓ Next.js 16.0.7 (Turbopack)
   - Environments: .env.local

   Creating an optimized production build ...
 Γ£ô Compiled successfully in 47s
   Running TypeScript ...
